[ +478 ms] Found 1 files which will be executed as Widget Tests.
[  +19 ms] Artifact Instance of 'AndroidGenSnapshotArtifacts' is not required, skipping update.
[        ] Artifact Instance of 'AndroidInternalBuildArtifacts' is not required, skipping update.
[        ] Artifact Instance of 'IOSEngineArtifacts' is not required, skipping update.
[        ] Artifact Instance of 'FlutterWebSdk' is not required, skipping update.
[        ] Artifact Instance of 'LegacyCanvasKitRemover' is not required, skipping update.
[   +7 ms] Artifact Instance of 'WindowsEngineArtifacts' is not required, skipping update.
[        ] Artifact Instance of 'MacOSEngineArtifacts' is not required, skipping update.
[        ] Artifact Instance of 'LinuxEngineArtifacts' is not required, skipping update.
[   +3 ms] Artifact Instance of 'LinuxFuchsiaSDKArtifacts' is not required, skipping update.
[        ] Artifact Instance of 'MacOSFuchsiaSDKArtifacts' is not required, skipping update.
[        ] Artifact Instance of 'FlutterRunnerSDKArtifacts' is not required, skipping update.
[        ] Artifact Instance of 'FlutterRunnerDebugSymbols' is not required, skipping update.
[ +118 ms] Artifact Instance of 'MaterialFonts' is not required, skipping update.
[        ] Artifact Instance of 'GradleWrapper' is not required, skipping update.
[        ] Artifact Instance of 'AndroidGenSnapshotArtifacts' is not required, skipping update.
[        ] Artifact Instance of 'AndroidInternalBuildArtifacts' is not required, skipping update.
[        ] Artifact Instance of 'IOSEngineArtifacts' is not required, skipping update.
[        ] Artifact Instance of 'FlutterWebSdk' is not required, skipping update.
[        ] Artifact Instance of 'LegacyCanvasKitRemover' is not required, skipping update.
[        ] Artifact Instance of 'FlutterSdk' is not required, skipping update.
[        ] Artifact Instance of 'WindowsEngineArtifacts' is not required, skipping update.
[        ] Artifact Instance of 'MacOSEngineArtifacts' is not required, skipping update.
[        ] Artifact Instance of 'LinuxEngineArtifacts' is not required, skipping update.
[        ] Artifact Instance of 'LinuxFuchsiaSDKArtifacts' is not required, skipping update.
[        ] Artifact Instance of 'MacOSFuchsiaSDKArtifacts' is not required, skipping update.
[        ] Artifact Instance of 'FlutterRunnerSDKArtifacts' is not required, skipping update.
[        ] Artifact Instance of 'FlutterRunnerDebugSymbols' is not required, skipping update.
[        ] Artifact Instance of 'IosUsbArtifacts' is not required, skipping update.
[        ] Artifact Instance of 'IosUsbArtifacts' is not required, skipping update.
[        ] Artifact Instance of 'IosUsbArtifacts' is not required, skipping update.
[        ] Artifact Instance of 'IosUsbArtifacts' is not required, skipping update.
[        ] Artifact Instance of 'IosUsbArtifacts' is not required, skipping update.
[        ] Artifact Instance of 'FontSubsetArtifacts' is not required, skipping update.
[        ] Artifact Instance of 'PubDependencies' is not required, skipping update.
[ +115 ms] executing: [C:\Users\jce\Desktop\undiamas/] C:\flutter\bin\cache\dart-sdk\bin\dart pub --suppress-analytics --verbose --directory . get --example
MSG : Resolving dependencies...
MSG : Downloading packages...
MSG :   _fe_analyzer_shared 72.0.0 (83.0.0 available)
    |   analyzer 6.7.0 (7.4.6 available)
    |   async 2.11.0 (2.13.0 available)
    |   boolean_selector 2.1.1 (2.1.2 available)
    |   build 2.4.1 (2.5.4 available)
    |   build_config 1.1.1 (1.1.2 available)
    |   build_daemon 4.0.2 (4.0.4 available)
    |   build_resolvers 2.4.2 (2.5.4 available)
    |   build_runner 2.4.13 (2.5.4 available)
    |   build_runner_core 7.3.2 (9.1.2 available)
    |   characters 1.3.0 (1.4.0 available)
    |   checked_yaml 2.0.3 (2.0.4 available)
    |   clock 1.1.1 (1.1.2 available)
    |   collection 1.18.0 (1.19.1 available)
    |   dart_style 2.3.7 (3.1.0 available)
    |   fake_async 1.3.1 (1.3.3 available)
    |   ffi 2.1.3 (2.1.4 available)
    |   http_parser 4.0.2 (4.1.2 available)
    |   intl 0.17.0 (0.20.2 available)
    |   js 0.7.1 (0.7.2 available)
    |   leak_tracker 10.0.5 (11.0.1 available)
    |   leak_tracker_flutter_testing 3.0.5 (3.0.10 available)
    |   leak_tracker_testing 3.0.1 (3.0.2 available)
    |   macros 0.1.2-main.4 (0.1.3-main.0 available)
    |   matcher 0.12.16+1 (0.12.17 available)
    |   material_color_utilities 0.11.1 (0.13.0 available)
    |   meta 1.15.0 (1.17.0 available)
    |   path 1.9.0 (1.9.1 available)
    |   path_provider_android 2.2.15 (2.2.17 available)
    |   pubspec_parse 1.4.0 (1.5.0 available)
    |   shared_preferences_android 2.4.7 (2.4.10 available)
    |   shelf 1.4.1 (1.4.2 available)
    |   shelf_web_socket 2.0.1 (3.0.0 available)
    |   source_gen 1.5.0 (2.0.0 available)
    |   source_span 1.10.0 (1.10.1 available)
    |   stack_trace 1.11.1 (1.12.1 available)
    |   stream_channel 2.1.2 (2.1.4 available)
    |   string_scanner 1.2.0 (1.4.1 available)
    |   term_glyph 1.2.1 (1.2.2 available)
    |   test_api 0.7.2 (0.7.6 available)
    |   url_launcher_android 6.3.14 (6.3.16 available)
    |   url_launcher_web 2.3.3 (2.4.1 available)
    |   vector_math 2.1.4 (2.2.0 available)
    |   vm_service 14.2.5 (15.0.2 available)
MSG : Got dependencies!
MSG : 44 packages have newer versions incompatible with dependency constraints.
    | Try `flutter pub outdated` for more information.
MSG : Logs written to C:\Users\jce\AppData\Local\Pub\Cache\log\pub_log.txt.
[+10576 ms] Found plugin path_provider at C:\Users\jce\AppData\Local\Pub\Cache\hosted\pub.dev\path_provider-2.1.5\
[  +10 ms] Found plugin path_provider_android at C:\Users\jce\AppData\Local\Pub\Cache\hosted\pub.dev\path_provider_android-2.2.15\
[   +6 ms] Found plugin path_provider_foundation at C:\Users\jce\AppData\Local\Pub\Cache\hosted\pub.dev\path_provider_foundation-2.4.1\
[   +6 ms] Found plugin path_provider_linux at C:\Users\jce\AppData\Local\Pub\Cache\hosted\pub.dev\path_provider_linux-2.2.1\
[  +10 ms] Found plugin path_provider_windows at C:\Users\jce\AppData\Local\Pub\Cache\hosted\pub.dev\path_provider_windows-2.3.0\
[  +36 ms] Found plugin shared_preferences at C:\Users\jce\AppData\Local\Pub\Cache\hosted\pub.dev\shared_preferences-2.5.3\
[   +6 ms] Found plugin shared_preferences_android at C:\Users\jce\AppData\Local\Pub\Cache\hosted\pub.dev\shared_preferences_android-2.4.7\
[   +9 ms] Found plugin shared_preferences_foundation at C:\Users\jce\AppData\Local\Pub\Cache\hosted\pub.dev\shared_preferences_foundation-2.5.4\
[   +6 ms] Found plugin shared_preferences_linux at C:\Users\jce\AppData\Local\Pub\Cache\hosted\pub.dev\shared_preferences_linux-2.4.1\
[  +20 ms] Found plugin shared_preferences_web at C:\Users\jce\AppData\Local\Pub\Cache\hosted\pub.dev\shared_preferences_web-2.4.3\
[  +14 ms] Found plugin shared_preferences_windows at C:\Users\jce\AppData\Local\Pub\Cache\hosted\pub.dev\shared_preferences_windows-2.4.1\
[  +85 ms] Found plugin url_launcher at C:\Users\jce\AppData\Local\Pub\Cache\hosted\pub.dev\url_launcher-6.3.1\
[   +8 ms] Found plugin url_launcher_android at C:\Users\jce\AppData\Local\Pub\Cache\hosted\pub.dev\url_launcher_android-6.3.14\
[   +5 ms] Found plugin url_launcher_ios at C:\Users\jce\AppData\Local\Pub\Cache\hosted\pub.dev\url_launcher_ios-6.3.3\
[   +7 ms] Found plugin url_launcher_linux at C:\Users\jce\AppData\Local\Pub\Cache\hosted\pub.dev\url_launcher_linux-3.2.1\
[   +7 ms] Found plugin url_launcher_macos at C:\Users\jce\AppData\Local\Pub\Cache\hosted\pub.dev\url_launcher_macos-3.2.2\
[  +13 ms] Found plugin url_launcher_web at C:\Users\jce\AppData\Local\Pub\Cache\hosted\pub.dev\url_launcher_web-2.3.3\
[   +6 ms] Found plugin url_launcher_windows at C:\Users\jce\AppData\Local\Pub\Cache\hosted\pub.dev\url_launcher_windows-3.1.4\
[ +158 ms] "flutter test" took 11.283ms.
[ +121 ms] ensureAnalyticsSent: 115ms
[        ] Running 1 shutdown hook
[   +1 ms] Shutdown hooks complete
[  +54 ms] exiting with code 1
